// Jest Snapshot v1, https://goo.gl/fbAQLP

exports[`Airport Detail should match the snapshot 1`] = `
<div
  class="col"
>
  <div
    class="pa-3 v-card v-sheet theme--light"
  >
    <transition-stub
      mode="out-in"
      name="fab-transition"
    >
      <button
        class="v-btn v-btn--absolute v-btn--is-elevated v-btn--fab v-btn--has-bg v-btn--left v-btn--round v-btn--top theme--light elevation-2 v-size--x-small green"
        data-testid="backButton"
        type="button"
      >
        <span
          class="v-btn__content"
        >
          <i
            aria-hidden="true"
            class="v-icon notranslate mdi mdi-arrow-left theme--light"
          />
        </span>
      </button>
    </transition-stub>
     
    <div
      airport="[object Object]"
      class="airport-card"
    />
     
    <div
      class="row mt-3 justify-center"
    >
      <div
        class="col"
      >
        <div
          class="pa-3 v-card v-sheet theme--light elevation-5"
        >
          <div
            class="row justify-center"
          >
            <div
              class="col col-auto"
            >
              <div>
                From
              </div>
            </div>
          </div>
           
          <div
            class="v-menu"
          >
            <!---->
          </div>
          <div
            class="v-input v-input--is-readonly theme--light v-text-field"
          >
            <div
              class="v-input__prepend-outer"
            >
              <div
                class="v-input__icon v-input__icon--prepend"
              >
                <i
                  aria-hidden="true"
                  class="v-icon notranslate mdi mdi-calendar theme--light"
                />
              </div>
            </div>
            <div
              class="v-input__control"
            >
              <div
                class="v-input__slot"
              >
                <div
                  class="v-text-field__slot"
                >
                  <input
                    aria-expanded="false"
                    aria-haspopup="true"
                    data-testid="dateFromTextField"
                    id="input-46"
                    readonly="readonly"
                    role="button"
                    type="text"
                  />
                </div>
              </div>
              <div
                class="v-text-field__details"
              >
                <div
                  class="v-messages theme--light"
                >
                  <transition-group-stub
                    class="v-messages__wrapper"
                    name="message-transition"
                    tag="div"
                  />
                </div>
              </div>
            </div>
          </div>
           
          <div
            class="v-menu"
          >
            <!---->
          </div>
          <div
            class="v-input v-input--is-readonly theme--light v-text-field"
          >
            <div
              class="v-input__prepend-outer"
            >
              <div
                class="v-input__icon v-input__icon--prepend"
              >
                <i
                  aria-hidden="true"
                  class="v-icon notranslate mdi mdi-clock theme--light"
                />
              </div>
            </div>
            <div
              class="v-input__control"
            >
              <div
                class="v-input__slot"
              >
                <div
                  class="v-text-field__slot"
                >
                  <input
                    aria-expanded="false"
                    aria-haspopup="true"
                    data-testid="timeFromTextField"
                    id="input-51"
                    readonly="readonly"
                    role="button"
                    type="text"
                  />
                </div>
              </div>
              <div
                class="v-text-field__details"
              >
                <div
                  class="v-messages theme--light"
                >
                  <transition-group-stub
                    class="v-messages__wrapper"
                    name="message-transition"
                    tag="div"
                  />
                </div>
              </div>
            </div>
          </div>
        </div>
      </div>
       
      <div
        class="col"
      >
        <div
          class="pa-3 v-card v-sheet theme--light elevation-5"
        >
          <div
            class="row justify-center"
          >
            <div
              class="col col-auto"
            >
              <div>
                To
              </div>
            </div>
          </div>
           
          <div
            class="v-menu"
          >
            <!---->
          </div>
          <div
            class="v-input v-input--is-readonly theme--light v-text-field"
          >
            <div
              class="v-input__prepend-outer"
            >
              <div
                class="v-input__icon v-input__icon--prepend"
              >
                <i
                  aria-hidden="true"
                  class="v-icon notranslate mdi mdi-calendar theme--light"
                />
              </div>
            </div>
            <div
              class="v-input__control"
            >
              <div
                class="v-input__slot"
              >
                <div
                  class="v-text-field__slot"
                >
                  <input
                    aria-expanded="false"
                    aria-haspopup="true"
                    data-testid="dateToTextField"
                    id="input-57"
                    readonly="readonly"
                    role="button"
                    type="text"
                  />
                </div>
              </div>
              <div
                class="v-text-field__details"
              >
                <div
                  class="v-messages theme--light"
                >
                  <transition-group-stub
                    class="v-messages__wrapper"
                    name="message-transition"
                    tag="div"
                  />
                </div>
              </div>
            </div>
          </div>
           
          <div
            class="v-menu"
          >
            <!---->
          </div>
          <div
            class="v-input v-input--is-readonly theme--light v-text-field"
          >
            <div
              class="v-input__prepend-outer"
            >
              <div
                class="v-input__icon v-input__icon--prepend"
              >
                <i
                  aria-hidden="true"
                  class="v-icon notranslate mdi mdi-clock theme--light"
                />
              </div>
            </div>
            <div
              class="v-input__control"
            >
              <div
                class="v-input__slot"
              >
                <div
                  class="v-text-field__slot"
                >
                  <input
                    aria-expanded="false"
                    aria-haspopup="true"
                    data-testid="timeToTextField"
                    id="input-62"
                    readonly="readonly"
                    role="button"
                    type="text"
                  />
                </div>
              </div>
              <div
                class="v-text-field__details"
              >
                <div
                  class="v-messages theme--light"
                >
                  <transition-group-stub
                    class="v-messages__wrapper"
                    name="message-transition"
                    tag="div"
                  />
                </div>
              </div>
            </div>
          </div>
        </div>
      </div>
    </div>
     
    <div
      class="row mt-6 justify-center"
    >
      <button
        class="v-btn v-btn--is-elevated v-btn--has-bg theme--light v-size--default"
        data-testid="clearTermsButton"
        type="button"
      >
        <span
          class="v-btn__content"
        >
          
        clear terms
      
        </span>
      </button>
       
      <button
        class="v-btn v-btn--is-elevated v-btn--has-bg theme--light v-size--default"
        data-testid="searchButton"
        type="button"
      >
        <span
          class="v-btn__content"
        >
          
        search
      
        </span>
      </button>
    </div>
     
    <div
      class="row justify-center"
    >
      <div
        class="col"
        data-testid="arrivalsColumn"
      >
        <div
          class="row justify-center"
        >
          <div
            class="col col-auto"
          >
            <div>
              Arrivals
            </div>
          </div>
        </div>
         
        <div
          class="flight-card"
          flight="[object Object]"
        />
      </div>
       
      <div
        class="col"
        data-testid="departuresColumn"
      >
        <div
          class="row justify-center"
        >
          <div
            class="col col-auto"
          >
            <div>
              Departures
            </div>
          </div>
        </div>
         
        <div
          class="flight-card"
          flight="[object Object]"
        />
      </div>
    </div>
  </div>
</div>
`;
