// Jest Snapshot v1, https://goo.gl/fbAQLP

exports[`Airport Detail should match the snapshot 1`] = `
<v-col-stub
  tag="div"
>
  <v-card-stub
    class="pa-3"
    loaderheight="4"
    tag="div"
  >
    <v-fab-transition-stub
      mode="out-in"
      origin="center center"
    >
      <v-btn-stub
        absolute="true"
        activeclass=""
        color="green"
        elevation="2"
        fab="true"
        left="true"
        tag="button"
        top="true"
        type="button"
        xsmall="true"
      >
        <v-icon-stub>
          mdi-arrow-left
        </v-icon-stub>
      </v-btn-stub>
    </v-fab-transition-stub>
     
    <div
      airport="[object Object]"
      class="airport-card"
    />
     
    <v-row-stub
      class="mt-3"
      justify="center"
      tag="div"
    >
      <v-col-stub
        tag="div"
      >
        <v-card-stub
          class="pa-3"
          elevation="5"
          loaderheight="4"
          tag="div"
        >
          <v-row-stub
            justify="center"
            tag="div"
          >
            <v-col-stub
              cols="auto"
              tag="div"
            >
              <div>
                From
              </div>
            </v-col-stub>
          </v-row-stub>
           
          <v-menu-stub
            closedelay="0"
            closeonclick="true"
            contentclass=""
            maxheight="auto"
            maxwidth="auto"
            nudgebottom="0"
            nudgeleft="0"
            nudgeright="0"
            nudgetop="0"
            nudgewidth="0"
            offsety="true"
            opendelay="0"
            openonclick="true"
            origin="top left"
            transition="v-menu-transition"
          >
             
            <v-date-picker-stub
              color="green"
              eventcolor="warning"
              firstdayofweek="0"
              localefirstdayofyear="0"
              nexticon="$next"
              nextmontharialabel="$vuetify.datePicker.nextMonthAriaLabel"
              nextyeararialabel="$vuetify.datePicker.nextYearAriaLabel"
              previcon="$prev"
              prevmontharialabel="$vuetify.datePicker.prevMonthAriaLabel"
              prevyeararialabel="$vuetify.datePicker.prevYearAriaLabel"
              selecteditemstext="$vuetify.datePicker.itemsSelected"
              showcurrent="true"
              type="date"
              width="290"
            />
          </v-menu-stub>
           
          <v-menu-stub
            closedelay="0"
            closeonclick="true"
            contentclass=""
            maxheight="auto"
            maxwidth="auto"
            nudgebottom="0"
            nudgeleft="0"
            nudgeright="0"
            nudgetop="0"
            nudgewidth="0"
            offsety="true"
            opendelay="0"
            openonclick="true"
            origin="top left"
            transition="v-menu-transition"
          >
             
            <v-time-picker-stub
              color="green"
              format="24hr"
              width="290"
            />
          </v-menu-stub>
        </v-card-stub>
      </v-col-stub>
       
      <v-col-stub
        tag="div"
      >
        <v-card-stub
          class="pa-3"
          elevation="5"
          loaderheight="4"
          tag="div"
        >
          <v-row-stub
            justify="center"
            tag="div"
          >
            <v-col-stub
              cols="auto"
              tag="div"
            >
              <div>
                To
              </div>
            </v-col-stub>
          </v-row-stub>
           
          <v-menu-stub
            closedelay="0"
            closeonclick="true"
            contentclass=""
            maxheight="auto"
            maxwidth="auto"
            nudgebottom="0"
            nudgeleft="0"
            nudgeright="0"
            nudgetop="0"
            nudgewidth="0"
            offsety="true"
            opendelay="0"
            openonclick="true"
            origin="top left"
            transition="v-menu-transition"
          >
             
            <v-date-picker-stub
              color="green"
              eventcolor="warning"
              firstdayofweek="0"
              localefirstdayofyear="0"
              nexticon="$next"
              nextmontharialabel="$vuetify.datePicker.nextMonthAriaLabel"
              nextyeararialabel="$vuetify.datePicker.nextYearAriaLabel"
              previcon="$prev"
              prevmontharialabel="$vuetify.datePicker.prevMonthAriaLabel"
              prevyeararialabel="$vuetify.datePicker.prevYearAriaLabel"
              selecteditemstext="$vuetify.datePicker.itemsSelected"
              showcurrent="true"
              type="date"
              width="290"
            />
          </v-menu-stub>
           
          <v-menu-stub
            closedelay="0"
            closeonclick="true"
            contentclass=""
            maxheight="auto"
            maxwidth="auto"
            nudgebottom="0"
            nudgeleft="0"
            nudgeright="0"
            nudgetop="0"
            nudgewidth="0"
            offsety="true"
            opendelay="0"
            openonclick="true"
            origin="top left"
            transition="v-menu-transition"
          >
             
            <v-time-picker-stub
              color="green"
              format="24hr"
              width="290"
            />
          </v-menu-stub>
        </v-card-stub>
      </v-col-stub>
    </v-row-stub>
     
    <v-row-stub
      class="mt-6"
      justify="center"
      tag="div"
    >
      <v-btn-stub
        activeclass=""
        tag="button"
        type="button"
      >
         clear terms 
      </v-btn-stub>
       
      <v-btn-stub
        activeclass=""
        tag="button"
        type="button"
      >
         search 
      </v-btn-stub>
    </v-row-stub>
     
    <v-row-stub
      justify="center"
      tag="div"
    >
      <v-col-stub
        tag="div"
      >
        <!---->
         
      </v-col-stub>
       
      <v-col-stub
        tag="div"
      >
        <!---->
         
      </v-col-stub>
    </v-row-stub>
  </v-card-stub>
</v-col-stub>
`;
