// Jest Snapshot v1, https://goo.gl/fbAQLP

exports[`AirportSearchInterface  when there are no selected airports and no searches performed should match the snapshot 1`] = `
"<div>
  <div class=\\"v-input px-4 v-input--is-focused theme--light v-text-field primary--text\\">
    <div class=\\"v-input__control\\">
      <div class=\\"v-input__slot\\">
        <div class=\\"v-text-field__slot\\"><label for=\\"input-42\\" class=\\"v-label v-label--active theme--light primary--text\\" style=\\"left: 0px; position: absolute;\\">Airport name</label><input data-testid=\\"searchField\\" autofocus=\\"autofocus\\" id=\\"input-42\\" type=\\"text\\"></div>
        <div class=\\"v-input__append-inner\\">
          <div></div>
        </div>
      </div>
      <div class=\\"v-text-field__details\\">
        <div class=\\"v-messages theme--light primary--text\\">
          <transition-group-stub tag=\\"div\\" name=\\"message-transition\\" class=\\"v-messages__wrapper\\"></transition-group-stub>
        </div>
        <div class=\\"v-counter theme--light\\">0 / 10</div>
      </div>
    </div>
  </div>
  <!---->
  <div class=\\"col\\">
    <p>No results.</p>
  </div>
</div>"
`;
