// Jest Snapshot v1, https://goo.gl/fbAQLP

exports[`Flight Card if all data is passed should match the snapshot 1`] = `
"<div class=\\"mt-6 v-card v-sheet theme--light elevation-5\\">
  <div tabindex=\\"-1\\" class=\\"v-list-item theme--light\\">
    <div class=\\"v-list-item__content\\">
      <div class=\\"v-list-item__title\\">AA-001</div>
      <div class=\\"v-list-item__subtitle\\">Flight code</div>
    </div>
  </div>
  <div tabindex=\\"-1\\" class=\\"v-list-item theme--light\\">
    <div class=\\"v-list-item__content\\">
      <div class=\\"v-list-item__title\\">Testing Departure</div>
      <div class=\\"v-list-item__subtitle\\">From</div>
    </div>
  </div>
  <div tabindex=\\"-1\\" class=\\"v-list-item theme--light\\">
    <div class=\\"v-list-item__content\\">
      <div class=\\"v-list-item__title\\">Testing Arrival</div>
      <div class=\\"v-list-item__subtitle\\">To</div>
    </div>
  </div>
  <div tabindex=\\"-1\\" class=\\"v-list-item theme--light\\">
    <div class=\\"v-list-item__content\\">
      <div class=\\"v-list-item__title\\">20:00:00 GMT+0300 (Източноевропейско лятно часово време)</div>
      <div class=\\"v-list-item__subtitle\\">Scheduled Departure (Local Time)</div>
    </div>
  </div>
  <div tabindex=\\"-1\\" class=\\"v-list-item theme--light\\">
    <div class=\\"v-list-item__content\\">
      <div class=\\"v-list-item__title\\">22:00:00 GMT+0300 (Източноевропейско лятно часово време)</div>
      <div class=\\"v-list-item__subtitle\\">Scheduled Arrival (Local Time)</div>
    </div>
  </div>
  <div tabindex=\\"-1\\" class=\\"v-list-item theme--light\\">
    <div class=\\"v-list-item__content\\">
      <div class=\\"v-list-item__title\\">1</div>
      <div class=\\"v-list-item__subtitle\\">Terminal</div>
    </div>
  </div>
  <div tabindex=\\"-1\\" class=\\"v-list-item theme--light\\">
    <div class=\\"v-list-item__content\\">
      <div class=\\"v-list-item__title\\">Arrived</div>
      <div class=\\"v-list-item__subtitle\\">Status</div>
    </div>
  </div>
</div>"
`;
