// Jest Snapshot v1, https://goo.gl/fbAQLP

exports[`FlightSearchInterface when there are not selected airports and no searches performed should match the snapshot 1`] = `
"<div>
  <div class=\\"v-input px-4 v-input--is-focused theme--light v-text-field primary--text\\">
    <div class=\\"v-input__control\\">
      <div class=\\"v-input__slot\\">
        <div class=\\"v-text-field__slot\\"><label for=\\"input-67\\" class=\\"v-label v-label--active theme--light primary--text\\" style=\\"left: 0px; position: absolute;\\">Flight number</label><input autofocus=\\"autofocus\\" id=\\"input-67\\" type=\\"text\\"></div>
        <div class=\\"v-input__append-inner\\">
          <div></div>
        </div>
      </div>
      <div class=\\"v-text-field__details\\">
        <div class=\\"v-messages theme--light primary--text\\">
          <transition-group-stub tag=\\"div\\" name=\\"message-transition\\" class=\\"v-messages__wrapper\\"></transition-group-stub>
        </div>
        <div class=\\"v-counter theme--light\\">0 / 10</div>
      </div>
    </div>
  </div>
  <div class=\\"v-menu\\">
    <!---->
  </div>
  <div class=\\"v-input v-input--is-readonly theme--light v-text-field\\" style=\\"display: none;\\">
    <div class=\\"v-input__prepend-outer\\">
      <div class=\\"v-input__icon v-input__icon--prepend\\"><i aria-hidden=\\"true\\" class=\\"v-icon notranslate mdi mdi-calendar theme--light\\"></i></div>
    </div>
    <div class=\\"v-input__control\\">
      <div class=\\"v-input__slot\\">
        <div class=\\"v-text-field__slot\\"><input role=\\"button\\" aria-haspopup=\\"true\\" aria-expanded=\\"false\\" id=\\"input-71\\" readonly=\\"readonly\\" type=\\"text\\"></div>
      </div>
      <div class=\\"v-text-field__details\\">
        <div class=\\"v-messages theme--light\\">
          <transition-group-stub tag=\\"div\\" name=\\"message-transition\\" class=\\"v-messages__wrapper\\"></transition-group-stub>
        </div>
      </div>
    </div>
  </div>
  <!---->
  <!---->
</div>"
`;
